[trishulbiotech.com/index.html]
[backblue.gif]
[fade.gif]
[index.html]
[trishulbiotech.com/wp-json/oembed/1.0/embeddb9b.json]
[trishulbiotech.com/feed/index.html]
[trishulbiotech.com/wp-json/oembed/1.0/embedcf7f]
[trishulbiotech.com/wp-json/wp/v2/pages/7.json]
[trishulbiotech.com/wp-json/index.html]
[trishulbiotech.com/img/F-icon-01.png]
[trishulbiotech.com/xmlrpc0db0.php]
[trishulbiotech.com/img/trishul-biotech-logo.svg]
[trishulbiotech.com/img/menu-organic-fertilizer.svg]
[trishulbiotech.com/img/menu-bio-fertilizers.svg]
[trishulbiotech.com/img/menu-biostimulant.svg]
[trishulbiotech.com/img/menu-pant-growth-promoters.svg]
[trishulbiotech.com/img/menu-bio-pesticides.svg]
[trishulbiotech.com/products/index.html]
[trishulbiotech.com/comments/feed/index.html]
[trishulbiotech.com/products/organic-fertilizers/index.html]
[trishulbiotech.com/img/menu-bio-insecticides.svg]
[trishulbiotech.com/products/biostimulant/index.html]
[trishulbiotech.com/products/bio-fertilizers/index.html]
[trishulbiotech.com/products/plant-growth-regulators/index.html]
[trishulbiotech.com/img/menu-bio-fungicides.svg]
[trishulbiotech.com/products/bio-insecticides/index.html]
[trishulbiotech.com/img/menu-bio-nematicide.svg]
[trishulbiotech.com/img/menu-Premium.svg]
[trishulbiotech.com/products/bio-pesticides/index.html]
[trishulbiotech.com/img/menu-soil-health.svg]
[trishulbiotech.com/products/bio-fungicides/index.html]
[trishulbiotech.com/products/bio-nematicide/index.html]
[trishulbiotech.com/img/menu-stess-management.svg]
[trishulbiotech.com/our-technology/index.html]
[trishulbiotech.com/products/premium-products/index.html]
[trishulbiotech.com/img/menu-yeild.svg]
[trishulbiotech.com/our-technology/soil-health/index.html]
[trishulbiotech.com/img/menu-water-lab.svg]
[trishulbiotech.com/img/menu-crop-quality.svg]
[trishulbiotech.com/img/menu-animal-lab.svg]
[trishulbiotech.com/img/menu-soli-health-lab.svg]
[trishulbiotech.com/our-technology/stress-management/index.html]
[trishulbiotech.com/img/menu-food-lab.svg]
[trishulbiotech.com/img/menu-plant-lab.svg]
[trishulbiotech.com/img/menu-fertilize-lab.svg]
[trishulbiotech.com/our-technology/crop-quality/index.html]
[trishulbiotech.com/img/menu-agriculture-sector.png]
[trishulbiotech.com/our-technology/yield/index.html]
[trishulbiotech.com/lab-services/index.html]
[trishulbiotech.com/img/menu-food-sector.png]
[trishulbiotech.com/lab-services/water-analysis/index.html]
[trishulbiotech.com/lab-services/soil-health-analysis/index.html]
[trishulbiotech.com/lab-services/animal-feed-analysis/index.html]
[trishulbiotech.com/img/menu-animal-sector.png]
[trishulbiotech.com/lab-services/food-analysis/index.html]
[trishulbiotech.com/lab-services/plant-health-analysis/index.html]
[trishulbiotech.com/sectors/index.html]
[trishulbiotech.com/img/menu-water-setor.png]
[trishulbiotech.com/lab-services/fertilizer-analysis/index.html]
[trishulbiotech.com/sectors/agriculture/index.html]
[trishulbiotech.com/sectors/food/index.html]
[trishulbiotech.com/img/agricultural-biotechnology-company.jpg]
[trishulbiotech.com/img/biotechnology-company-in-india.jpg]
[trishulbiotech.com/sectors/animal-health/index.html]
[trishulbiotech.com/img/trishul-biotech.jpg]
[wati-integration-service.clare.ai/ShopifyWidget/shopifyWidgetbb03.js]
[trishulbiotech.com/sectors/water/index.html]
[trishulbiotech.com/wp-content/themes/trishul-child/trishul.js]
[trishulbiotech.com/wp-content/themes/trishul-child/trishul.css]
[ajax.googleapis.com/ajax/libs/webfont/1/webfont.js]
[trishulbiotech.com/about-us/index.html]
[ik.imagekit.io/coworking/img/next-icon2f09.png]
[trishulbiotech.com/manufacturing/index.html]
[trishulbiotech.com/research-and-development/index.html]
[trishulbiotech.com/img/owlcaurosel-balcknext.svg]
[trishulbiotech.com/sustainability/index.html]
[trishulbiotech.com/index.html]
[trishulbiotech.com/cdn-cgi/challenge-platform/h/g/scripts/jsd/ea2d291c0fdc/maind41d.js]
[trishulbiotech.com/contact-us/index.html]
[trishulbiotech.com/img/trishul-biotech-logo.svg]
[trishulbiotech.com/blog/index.html]
[trishulbiotech.com/wp-json/oembed/1.0/embed8a3a.json]
[trishulbiotech.com/products/biostimulant/upcrop-micro-300-water-soluble-powder/index.html]
[trishulbiotech.com/products/bio-fertilizers/upcrop-nup/index.html]
[trishulbiotech.com/wp-json/oembed/1.0/embedb7c4]
[trishulbiotech.com/wp-json/wp/v2/pages/2366.json]
[trishulbiotech.com/img/TH-1.jpg]
[trishulbiotech.com/img/bio-fertilizer.jpg]
[trishulbiotech.com/img/organic-fertilizers-1.jpg]
[trishulbiotech.com/img/trishul-biotech-biostimulants.jpg]
[trishulbiotech.com/img/plant-growth-regulators.jpg]
[trishulbiotech.com/img/bio-pesticides.jpg]
[trishulbiotech.com/img/bio-insecticides.jpg]
[trishulbiotech.com/img/bio-fungicides-1.jpg]
[trishulbiotech.com/img/bio-nematicide-1.jpg]
[trishulbiotech.com/img/premium-product.jpg]
[trishulbiotech.com/img/trishul-biotech-agricultural-biotechnology-products2a9a.png]
[trishulbiotech.com/img/agricultural-biotechnology-products2a9a.png]
[trishulbiotech.com/img/upcrop-seaweed-extract-powder.png]
[trishulbiotech.com/others/algimin/index.html]
[trishulbiotech.com/others/aquademax/index.html]
[trishulbiotech.com/img/upcrop-micro-300-granules.png]
[trishulbiotech.com/others/ecodynamix/index.html]
[trishulbiotech.com/others/hatchsafe/index.html]
[trishulbiotech.com/others/nitripro/index.html]
[trishulbiotech.com/img/upcrop-micro-300-liquid-concentrate.png]
[trishulbiotech.com/products/biostimulant/seaweed-extract-powder/index.html]
[trishulbiotech.com/products/biostimulant/upcrop-micro-300-granules/index.html]
[trishulbiotech.com/img/upcrop-micro-300-water-soluble-powder.png]
[trishulbiotech.com/products/biostimulant/upcrop-micro-300-liquid-concentrate/index.html]
[trishulbiotech.com/img/upcrop-N-Up.png]
[trishulbiotech.com/img/upcrop-N-Up-pro.png]
[trishulbiotech.com/img/upcrop-phosh-Up.png]
[trishulbiotech.com/img/upcrop-potash-Up.png]
[trishulbiotech.com/img/trishul-biotech-upcrop-seaweeds-granules.jpg]
[trishulbiotech.com/products/bio-fertilizers/upcrop-nup-pro/index.html]
[trishulbiotech.com/img/upcrop-seaweed-liquid-concentrate.png]
[trishulbiotech.com/img/upcrop-shield-Up-tricho.png]
[trishulbiotech.com/bio-fertilizers/upcrop-phoshup/index.html]
[trishulbiotech.com/bio-fertilizers/upcrop-potashup/index.html]
[trishulbiotech.com/img/upcrop-shield-Up-bass.png]
[trishulbiotech.com/products/biostimulant/upcrop-seaweed-granules/index.html]
[trishulbiotech.com/img/upcrop-shield-Up-nemato.png]
[trishulbiotech.com/img/upcrop-shield-Up-pseudo.png]
[trishulbiotech.com/biostimulant/upcrop-seaweed-liquid-concentrate/index.html]
[trishulbiotech.com/img/upcrop-TriCtrl.png]
[trishulbiotech.com/bio-pesticides/upcrop-shieldup-bass/index.html]
[trishulbiotech.com/bio-pesticides/upcrop-shieldup-nemato/index.html]
[trishulbiotech.com/bio-pesticides/upcrop-sheildup-tricho/index.html]
[trishulbiotech.com/img/Upcrop-TriCtrl-Pro.png]
[trishulbiotech.com/bio-pesticides/upcrop-shieldup-pseudo/index.html]
[trishulbiotech.com/img/upcrop-TriFecta.png]
[trishulbiotech.com/img/upcrop-TriFecta-Pro.png]
[trishulbiotech.com/premium-products/upcrop-trictrl/index.html]
[trishulbiotech.com/premium-products/tri-ctrl-pro/index.html]
[trishulbiotech.com/premium-products/upcrop-trifecta/index.html]
[trishulbiotech.com/img/upcrop-ultimate.png]
[trishulbiotech.com/img/upcrop-VAM-Up.png]
[trishulbiotech.com/premium-products/upcrop-trifecta-pro/index.html]
[trishulbiotech.com/premium-products/upcrop-ultimate/index.html]
[trishulbiotech.com/img/upcrop-zinc-Up.png]
[trishulbiotech.com/products/index.html]
[trishulbiotech.com/bio-fertilizers/upcrop-vam-up/index.html]
[trishulbiotech.com/bio-fertilizers/upcrop-zincup/index.html]
[trishulbiotech.com/others/vibx/index.html]
[trishulbiotech.com/products/bio-fertilizers/feed/index.html]
[trishulbiotech.com/wp-json/wp/v2/productscategory/20.json]
[trishulbiotech.com/img/bio-fertilizers.jpg]
[trishulbiotech.com/img/bio-fertilizer-products.png]
[trishulbiotech.com/products/bio-fertilizers/index.html]
[trishulbiotech.com/img/menu-bio-fertilizers.svg]
[trishulbiotech.com/wp-json/wp/v2/productscategory/23.json]
[trishulbiotech.com/products/organic-fertilizers/feed/index.html]
[trishulbiotech.com/img/trishul-biotech-organic-fertilizer.jpg]
[trishulbiotech.com/products/organic-fertilizers/index.html]
[trishulbiotech.com/img/organic-fertilizer-manufacturer.jpg]
[trishulbiotech.com/img/menu-organic-fertilizer.svg]
[trishulbiotech.com/img/biostimulant.jpg]
[trishulbiotech.com/wp-json/wp/v2/productscategory/24.json]
[trishulbiotech.com/products/biostimulant/feed/index.html]
[trishulbiotech.com/img/bio-stimulant.jpg]
[trishulbiotech.com/products/biostimulant/index.html]
[trishulbiotech.com/img/menu-biostimulant.svg]
[trishulbiotech.com/img/plant-growth-regulator.webp]
[trishulbiotech.com/wp-json/wp/v2/productscategory/25.json]
[trishulbiotech.com/products/plant-growth-regulators/feed/index.html]
[trishulbiotech.com/img/plant-growth-promoters.png]
[trishulbiotech.com/products/plant-growth-regulators/index.html]
[trishulbiotech.com/img/menu-pant-growth-promoters.svg]
[trishulbiotech.com/wp-json/wp/v2/productscategory/31.json]
[trishulbiotech.com/products/bio-pesticides/feed/index.html]
[trishulbiotech.com/img/biopesticides.jpg]
[trishulbiotech.com/img/trishul-biotech-bio-pesticides.jpg]
[trishulbiotech.com/products/bio-pesticides/index.html]
[trishulbiotech.com/img/menu-bio-pesticides.svg]
[trishulbiotech.com/wp-json/wp/v2/productscategory/26.json]
[trishulbiotech.com/img/bioinsecticides.jpg]
[trishulbiotech.com/products/bio-insecticides/feed/index.html]
[trishulbiotech.com/img/trishul-biotech-bio-insecticides-for-vegetables.jpg]
[trishulbiotech.com/products/bio-insecticides/index.html]
[trishulbiotech.com/img/menu-bio-insecticides.svg]
[trishulbiotech.com/wp-json/wp/v2/productscategory/27.json]
[trishulbiotech.com/products/bio-fungicides/feed/index.html]
[trishulbiotech.com/img/trishul-biotech-bio-fungicides.jpg]
[trishulbiotech.com/img/bio-fungicides-products.jpg]
[trishulbiotech.com/img/bio-fungicides-product.png]
[trishulbiotech.com/products/bio-fungicides/index.html]
[trishulbiotech.com/img/menu-bio-fungicides.svg]
[trishulbiotech.com/wp-json/wp/v2/productscategory/32.json]
[trishulbiotech.com/products/bio-nematicide/feed/index.html]
[trishulbiotech.com/img/bio-nematicides.jpg]
[trishulbiotech.com/img/bio-nematicides-products.jpg]
[trishulbiotech.com/img/bio-nematicide-product.png]
[trishulbiotech.com/products/bio-nematicide/index.html]
[trishulbiotech.com/img/menu-bio-nematicide.svg]
[trishulbiotech.com/wp-json/wp/v2/productscategory/69.json]
[trishulbiotech.com/products/premium-products/feed/index.html]
[trishulbiotech.com/img/xbvdshc.jpg]
[trishulbiotech.com/img/upcrop-premium-product.jpg]
[trishulbiotech.com/products/premium-products/index.html]
[trishulbiotech.com/img/menu-Premium.svg]
[trishulbiotech.com/wp-json/oembed/1.0/embed9978.json]
[trishulbiotech.com/wp-json/oembed/1.0/embed18e7]
[trishulbiotech.com/wp-json/wp/v2/pages/156.json]
[trishulbiotech.com/img/trishul-biotech-technology.jpg]
[trishulbiotech.com/img/product-list-whiteicon.svg]
[trishulbiotech.com/img/advanced-world-class-technology2a9a.png]
[trishulbiotech.com/img/world-class-technology2a9a.png]
[trishulbiotech.com/img/technology-to-improve-soil-health.jpg]
[trishulbiotech.com/img/soil-health.svg]
[trishulbiotech.com/img/product_direction_arrow.svg]
[trishulbiotech.com/img/technology-to-manage-stress.jpg]
[trishulbiotech.com/img/stress-management.svg]
[trishulbiotech.com/img/technology-to-improve-crop-quality.jpg]
[trishulbiotech.com/img/crop-quality.svg]
[trishulbiotech.com/img/technology-to-increase-yields.jpg]
[trishulbiotech.com/our-technology/index.html]
[trishulbiotech.com/img/increased-yields.svg]
[trishulbiotech.com/wp-json/oembed/1.0/embedbc78.json]
[trishulbiotech.com/wp-json/oembed/1.0/embed7580]
[trishulbiotech.com/wp-json/wp/v2/pages/360.json]
[trishulbiotech.com/img/improve-soil-health.jpg]
[dezvolta.in/trishul/img/trishul_wateranalysissec1-img.7d.delayed]
[trishulbiotech.com/img/download.svg]
[dezvolta.in/trishul/img/Pattern002.7f.delayed]
[trishulbiotech.com/img/soil-health.jpg]
[trishulbiotech.com/our-technology/soil-health/index.html]
[trishulbiotech.com/img/menu-soil-health.svg]
[trishulbiotech.com/wp-json/oembed/1.0/embede1ee.json]
[trishulbiotech.com/wp-json/oembed/1.0/embed303a]
[trishulbiotech.com/img/crop-stress-management.jpg]
[trishulbiotech.com/wp-json/wp/v2/pages/568.json]
[trishulbiotech.com/img/stress-management-of-crops.jpg]
[trishulbiotech.com/our-technology/stress-management/index.html]
[trishulbiotech.com/img/menu-stess-management.svg]
[trishulbiotech.com/wp-json/oembed/1.0/embed72f7.json]
[trishulbiotech.com/wp-json/oembed/1.0/embedf555]
[trishulbiotech.com/wp-json/wp/v2/pages/572.json]
[trishulbiotech.com/img/improve-crop-quality.jpg]
[trishulbiotech.com/img/crop-quality.jpg]
[trishulbiotech.com/our-technology/crop-quality/index.html]
[trishulbiotech.com/img/menu-crop-quality.svg]
[trishulbiotech.com/wp-json/oembed/1.0/embed4f2c.json]
[trishulbiotech.com/wp-json/oembed/1.0/embeda5b0]
[trishulbiotech.com/img/improve-crop-yield.jpg]
[trishulbiotech.com/wp-json/wp/v2/pages/577.json]
[trishulbiotech.com/img/advanced-crop-yields2a9a.png]
[trishulbiotech.com/img/crop-yields2a9a.png]
[trishulbiotech.com/img/improved-nutrient-and-grain-yield.jpg]
[trishulbiotech.com/our-technology/yield/index.html]
[trishulbiotech.com/img/menu-yeild.svg]
[trishulbiotech.com/wp-json/oembed/1.0/embed374a.json]
[trishulbiotech.com/wp-json/oembed/1.0/embed2640]
[trishulbiotech.com/wp-json/wp/v2/pages/2401.json]
[trishulbiotech.com/img/agriculture-lab.jpg]
[trishulbiotech.com/img/soil-health-testing-lab.png]
[trishulbiotech.com/img/plant-testing-services.png]
[trishulbiotech.com/img/water-testing-lab.png]
[trishulbiotech.com/img/food-quality-testing.png]
[trishulbiotech.com/img/animal-feed-analysis-laboratory.png]
[trishulbiotech.com/img/fertilizer-testing-laboratory.png]
[trishulbiotech.com/lab-services/index.html]
[trishulbiotech.com/wp-json/oembed/1.0/embed070c.json]
[trishulbiotech.com/wp-json/oembed/1.0/embedd9ed]
[trishulbiotech.com/wp-json/wp/v2/pages/262.json]
[trishulbiotech.com/img/water-quality-testing-and-analysis-lab.jpg]
[trishulbiotech.com/img/Pattern002.png]
[trishulbiotech.com/lab-services/water-analysis/index.html]
[trishulbiotech.com/img/menu-water-lab.svg]
[trishulbiotech.com/wp-json/oembed/1.0/embed8cb7.json]
[trishulbiotech.com/wp-json/oembed/1.0/embed5ed4]
[trishulbiotech.com/wp-json/wp/v2/pages/598.json]
[trishulbiotech.com/img/trishul-biotech-soil-health-testing-lab.jpg]
[trishulbiotech.com/lab-services/soil-health-analysis/index.html]
[trishulbiotech.com/img/menu-soli-health-lab.svg]
[trishulbiotech.com/wp-json/oembed/1.0/embedfb1d.json]
[trishulbiotech.com/wp-json/oembed/1.0/embed2df9]
[trishulbiotech.com/wp-json/wp/v2/pages/601.json]
[trishulbiotech.com/img/cattle-feed-testing-lab.jpg]
[trishulbiotech.com/lab-services/animal-feed-analysis/index.html]
[trishulbiotech.com/img/menu-animal-lab.svg]
[trishulbiotech.com/wp-json/oembed/1.0/embed36a7.json]
[trishulbiotech.com/wp-json/oembed/1.0/embed239c]
[trishulbiotech.com/img/food-quality-testing-lab.jpg]
[trishulbiotech.com/lab-services/food-analysis/index.html]
[trishulbiotech.com/img/menu-food-lab.svg]
[trishulbiotech.com/wp-json/wp/v2/pages/606.json]
[trishulbiotech.com/wp-json/oembed/1.0/embed0db2.json]
[trishulbiotech.com/wp-json/oembed/1.0/embedc31d]
[trishulbiotech.com/wp-json/wp/v2/pages/609.json]
[trishulbiotech.com/img/crop-health-analysis.jpg]
[trishulbiotech.com/lab-services/plant-health-analysis/index.html]
[trishulbiotech.com/img/menu-plant-lab.svg]
[trishulbiotech.com/wp-json/oembed/1.0/embed240f.json]
[trishulbiotech.com/wp-json/oembed/1.0/embed5d93]
[trishulbiotech.com/wp-json/wp/v2/pages/612.json]
[trishulbiotech.com/img/fertilizer-analysis-lab.jpg]
[trishulbiotech.com/lab-services/fertilizer-analysis/index.html]
[trishulbiotech.com/img/menu-fertilize-lab.svg]
[trishulbiotech.com/wp-json/oembed/1.0/embede00d.json]
[trishulbiotech.com/wp-json/oembed/1.0/embed22f8]
[trishulbiotech.com/img/trishul-biotech-sectors.jpg]
[trishulbiotech.com/wp-json/wp/v2/pages/2400.json]
[trishulbiotech.com/img/agricultural-solutions.png]
[trishulbiotech.com/img/wastewater-treatment-plant.png]
[trishulbiotech.com/img/animal-health-solutions.png]
[trishulbiotech.com/img/food-thickener-agents-supplier.png]
[trishulbiotech.com/sectors/index.html]
[trishulbiotech.com/wp-json/oembed/1.0/embed2498.json]
[trishulbiotech.com/wp-json/oembed/1.0/embed0778]
[trishulbiotech.com/wp-json/wp/v2/pages/627.json]
[trishulbiotech.com/img/trishul-biotech-sustainable-farming-solutions.jpg]
[trishulbiotech.com/sectors/agriculture/index.html]
[trishulbiotech.com/wp-json/oembed/1.0/embed57bf.json]
[trishulbiotech.com/wp-json/oembed/1.0/embed8f53]
[trishulbiotech.com/wp-json/wp/v2/pages/632.json]
[trishulbiotech.com/img/food-thickener-manufacturer-and-supplier.jpg]
[trishulbiotech.com/sectors/food/index.html]
[trishulbiotech.com/wp-json/oembed/1.0/embed3753.json]
[trishulbiotech.com/wp-json/oembed/1.0/embedf255]
[trishulbiotech.com/sectors/animal-health/index.html]
[trishulbiotech.com/img/supreme-animal-health-and-aquaculture-solutions.jpg]
[trishulbiotech.com/wp-json/wp/v2/pages/636.json]
[trishulbiotech.com/wp-json/oembed/1.0/embed61e2.json]
[trishulbiotech.com/wp-json/oembed/1.0/embed3b7c]
[trishulbiotech.com/wp-json/wp/v2/pages/640.json]
[trishulbiotech.com/img/sewage-wastewater-treatment-plant.jpg]
[trishulbiotech.com/sectors/water/index.html]
[trishulbiotech.com/wp-json/oembed/1.0/embedd75a.json]
[trishulbiotech.com/wp-json/oembed/1.0/embed5ac9]
[trishulbiotech.com/img/agricultural-solutions.jpg]
[trishulbiotech.com/img/farming-solutions.png]
[trishulbiotech.com/wp-json/wp/v2/pages/114.json]
[trishulbiotech.com/img/trishul-biotech-upcrop-logo.svg]
[trishulbiotech.com/img/sustainable-agricultural-solutions.jpg]
[trishulbiotech.com/img/sustainable-farming-solutions.jpg]
[trishulbiotech.com/img/trishul-biotech-agricultural-solutions.jpg]
[trishulbiotech.com/about-us/index.html]
[trishulbiotech.com/wp-json/oembed/1.0/embeddc72.json]
[trishulbiotech.com/wp-json/oembed/1.0/embed0839]
[trishulbiotech.com/wp-json/wp/v2/pages/271.json]
[trishulbiotech.com/img/trishul-biotech-manufacturing-unit.jpg]
[trishulbiotech.com/img/world-class-manufacturing-setup.svg]
[trishulbiotech.com/img/research-and-development-centre.svg]
[trishulbiotech.com/img/scalable-agricultural-solutions.svg]
[trishulbiotech.com/manufacturing/index.html]
[trishulbiotech.com/img/tailored-specifications.svg]
[trishulbiotech.com/wp-json/oembed/1.0/embedffe2.json]
[trishulbiotech.com/wp-json/oembed/1.0/embedde3e]
[trishulbiotech.com/img/sustainable-approach.jpg]
[trishulbiotech.com/wp-json/wp/v2/pages/2421.json]
[dezvolta.in/trishul/img/Pattern02.e3.delayed]
[trishulbiotech.com/img/pursuing-un-sdg.svg]
[trishulbiotech.com/img/environmental-sustainability.png]
[trishulbiotech.com/img/social-sustainability.png]
[trishulbiotech.com/img/economical-sustainability.png]
[trishulbiotech.com/sustainability/index.html]
[trishulbiotech.com/wp-json/oembed/1.0/embedffde.json]
[trishulbiotech.com/wp-json/oembed/1.0/embed4505]
[trishulbiotech.com/img/agricultural-rd.jpg]
[trishulbiotech.com/wp-json/wp/v2/pages/1801.json]
[trishulbiotech.com/img/agricultural-research-and-development-center.jpg]
[trishulbiotech.com/research-and-development/index.html]
[trishulbiotech.com/wp-json/oembed/1.0/embeda52c.json]
[trishulbiotech.com/wp-json/oembed/1.0/embedd044]
[trishulbiotech.com/blog/index.html]
[trishulbiotech.com/img/search-icon.svg]
[trishulbiotech.com/wp-json/wp/v2/pages/280.json]
[trishulbiotech.com/wp-json/oembed/1.0/embeda83d.json]
[trishulbiotech.com/organic-fertilizers-healthy-crops/index.html]
[trishulbiotech.com/wp-json/oembed/1.0/embeda50f]
[trishulbiotech.com/wp-json/wp/v2/pages/227.json]
[trishulbiotech.com/what-is-biotechnology-in-agriculture/index.html]
[trishulbiotech.com/img/contact-sec1-bg.jpg]
[trishulbiotech.com/img/contact-address-icon-01.svg]
[trishulbiotech.com/role-of-biofertilizers/index.html]
[trishulbiotech.com/img/contact-address-icon-02.svg]
[trishulbiotech.com/contact-us/index.html]
[trishulbiotech.com/products/plant-growth-regulators/seaweed-extract-powder/index.html]
[trishulbiotech.com/products/plant-growth-regulators/upcrop-seaweed-liquid-concentrate/index.html]
[trishulbiotech.com/products/plant-growth-regulators/upcrop-seaweed-granules/index.html]
[trishulbiotech.com/products/organic-fertilizers/upcrop-micro-300-granules/index.html]
[trishulbiotech.com/img/contact-address-icon-03.svg]
[trishulbiotech.com/wp-json/oembed/1.0/embed97bc.json]
[trishulbiotech.com/products/biostimulant/upcrop-micro-300-water-soluble-powder/feed/index.html]
[trishulbiotech.com/wp-json/oembed/1.0/embed56ce]
[trishulbiotech.com/wp-json/wp/v2/products/944.json]
[trishulbiotech.com/img/product-list-icon.svg]
[trishulbiotech.com/img/Empty.png]
[trishulbiotech.com/img/benefits_icon01.png]
[trishulbiotech.com/img/benefits_icon02.png]
[trishulbiotech.com/img/benefits_icon03.png]
[trishulbiotech.com/img/benefits_icon04.png]
[trishulbiotech.com/img/benefits_icon05.png]
[trishulbiotech.com/img/benefits_icon06.png]
[trishulbiotech.com/img/benefits_icon07.png]
[trishulbiotech.com/img/benefits_icon08.png]
[trishulbiotech.com/img/benefits_icon09.png]
[trishulbiotech.com/img/benefits_icon10.png]
[trishulbiotech.com/img/benefits_icon11.png]
[trishulbiotech.com/img/benefits_icon12.png]
[trishulbiotech.com/img/benefits_icon13.png]
[trishulbiotech.com/img/benefits_icon14.png]
[trishulbiotech.com/img/benefits_icon15.png]
[trishulbiotech.com/img/benefits_icon16.png]
[trishulbiotech.com/img/benefits_icon17.png]
[trishulbiotech.com/img/benefits_icon18.png]
[trishulbiotech.com/img/benefits_icon19.png]
[trishulbiotech.com/img/benefits_icon20.png]
[trishulbiotech.com/img/benefits_icon21.png]
[trishulbiotech.com/img/benefits_icon22.png]
[trishulbiotech.com/img/benefits_icon23.png]
[trishulbiotech.com/img/benefits_icon24.svg]
[trishulbiotech.com/img/benefits_icon25.svg]
[trishulbiotech.com/img/benefits_icon26.svg]
[trishulbiotech.com/img/benefits_icon27.svg]
[trishulbiotech.com/img/benefits_icon28.svg]
[trishulbiotech.com/img/benefits_icon29.png]
[trishulbiotech.com/img/benefits_icon30.png]
[trishulbiotech.com/img/benefits_icon31.png]
[trishulbiotech.com/img/Standing-Pouch-007.svg]
[trishulbiotech.com/img/Standing-Pouch-006.svg]
[trishulbiotech.com/img/Rice-crop.png]
[trishulbiotech.com/img/Millet-icon.png]
[trishulbiotech.com/img/Pulses-icon.png]
[trishulbiotech.com/img/Oil-Seeds-icon-02.png]
[trishulbiotech.com/img/Radish-icon.png]
[trishulbiotech.com/img/All-major-crops-icon.png]
[trishulbiotech.com/products/biostimulant/upcrop-micro-300-water-soluble-powder/index.html]
[trishulbiotech.com/wp-includes/js/comment-reply.min4d80.js]
[trishulbiotech.com/wp-json/oembed/1.0/embede2f9.json]
[trishulbiotech.com/products/bio-fertilizers/upcrop-nup/feed/index.html]
[trishulbiotech.com/wp-json/oembed/1.0/embed318b]
[trishulbiotech.com/wp-json/wp/v2/products/960.json]
[trishulbiotech.com/img/Normal-Pouch-005.svg]
[trishulbiotech.com/img/Wheat-icon.png]
[trishulbiotech.com/img/Sugarcane-icon.png]
[trishulbiotech.com/img/Maize-icon.png]
[trishulbiotech.com/img/Bajra-icon.png]
[trishulbiotech.com/img/Vegetables-icon.png]
[trishulbiotech.com/products/bio-fertilizers/upcrop-nup/index.html]
[trishulbiotech.com/products/uncategorized/upcrop-nup-pro/index.html]
[trishulbiotech.com/products/bio-fertilizers/upcrop-zincup/index.html]
[trishulbiotech.com/products/bio-pesticides/upcrop-shieldup-nemato/index.html]
[trishulbiotech.com/products/bio-pesticides/upcrop-sheildup-tricho/index.html]
[trishulbiotech.com/products/bio-pesticides/upcrop-shieldup-bass/index.html]
[trishulbiotech.com/products/bio-pesticides/upcrop-shieldup-pseudo/index.html]
[trishulbiotech.com/products/bio-fertilizers/upcrop-potashup/index.html]
[trishulbiotech.com/products/bio-fertilizers/upcrop-vam-up/index.html]
[trishulbiotech.com/products/organic-fertilizers/upcrop-micro-300-liquid-concentrate/index.html]
[trishulbiotech.com/wp-content/themes/trishul-child/owl.video.play.png]
[ik.imagekit.io/cityscape/img/common_Patternbg2f09.png]
[ik.imagekit.io/cityscape/img/Pattern002.png]
[ik.imagekit.io/cityscape/img/Pattern.png]
[ik.imagekit.io/cityscape/img/about_sec2_pattern.jpg]
[ik.imagekit.io/cityscape/img/ourtechnology-banner-1.jpg]
[ik.imagekit.io/cityscape/img/Pattern02.png]
[ik.imagekit.io/cityscape/img/productdetail-crop-pattern.png]
[ik.imagekit.io/cityscape/img/contact-sec2-pattern.png]
[trishulbiotech.com/wp-content/themes/trishul-child/trishul.css]
[trishulbiotech.com/img/owlcaurosel-balcknext.svg]
[trishulbiotech.com/index99a0.html]
[trishulbiotech.com/wp-json/oembed/1.0/embed2da5.json]
[trishulbiotech.com/others/algimin/feed/index.html]
[trishulbiotech.com/wp-json/oembed/1.0/embedc0f1]
[trishulbiotech.com/others/algimin/index.html]
[trishulbiotech.com/wp-json/wp/v2/products/1375.json]
[trishulbiotech.com/wp-json/oembed/1.0/embed67bc.json]
[trishulbiotech.com/wp-json/oembed/1.0/embedc92d]
[trishulbiotech.com/others/aquademax/index.html]
[trishulbiotech.com/wp-json/wp/v2/products/1137.json]
[trishulbiotech.com/others/aquademax/feed/index.html]
[trishulbiotech.com/others/ecodynamix/feed/index.html]
[trishulbiotech.com/wp-json/oembed/1.0/embed78f3.json]
[trishulbiotech.com/wp-json/oembed/1.0/embed68aa]
[trishulbiotech.com/others/ecodynamix/index.html]
[trishulbiotech.com/wp-json/wp/v2/products/1161.json]
[trishulbiotech.com/wp-json/oembed/1.0/embedf60e.json]
[trishulbiotech.com/others/hatchsafe/feed/index.html]
[trishulbiotech.com/wp-json/oembed/1.0/embedf055]
[trishulbiotech.com/others/hatchsafe/index.html]
[trishulbiotech.com/wp-json/wp/v2/products/1246.json]
[trishulbiotech.com/wp-json/oembed/1.0/embed5ccc.json]
[trishulbiotech.com/others/nitripro/feed/index.html]
[trishulbiotech.com/wp-json/oembed/1.0/embedc232]
[trishulbiotech.com/others/nitripro/index.html]
[trishulbiotech.com/wp-json/wp/v2/products/1254.json]
[trishulbiotech.com/wp-json/oembed/1.0/embed7d5e.json]
[trishulbiotech.com/products/biostimulant/seaweed-extract-powder/feed/index.html]
[trishulbiotech.com/wp-json/oembed/1.0/embedadac]
[trishulbiotech.com/img/Standing-Pouch-008.svg]
[trishulbiotech.com/wp-json/wp/v2/products/925.json]
[trishulbiotech.com/img/Pulses-icon2.png]
[trishulbiotech.com/img/Oil-seeds-icon-01.png]
[trishulbiotech.com/products/biostimulant/seaweed-extract-powder/index.html]
[trishulbiotech.com/wp-json/oembed/1.0/embedac3f.json]
[trishulbiotech.com/products/biostimulant/upcrop-micro-300-granules/feed/index.html]
[trishulbiotech.com/wp-json/oembed/1.0/embedb133]
[trishulbiotech.com/img/Bucket-0002.svg]
[trishulbiotech.com/wp-json/wp/v2/products/936.json]
[trishulbiotech.com/img/Bucket-0001.svg]
[trishulbiotech.com/img/Fertilizer-Bag-003.svg]
[trishulbiotech.com/img/Fertilizer-Bag-004.svg]
[trishulbiotech.com/img/Cotton-icon.png]
[trishulbiotech.com/products/biostimulant/upcrop-micro-300-granules/index.html]
[trishulbiotech.com/wp-json/oembed/1.0/embedf7f8.json]
[trishulbiotech.com/products/biostimulant/upcrop-micro-300-liquid-concentrate/feed/index.html]
[trishulbiotech.com/wp-json/oembed/1.0/embeddd0c]
[trishulbiotech.com/img/Bottle-011.svg]
[trishulbiotech.com/wp-json/wp/v2/products/715.json]
[trishulbiotech.com/img/Bottle-010.svg]
[trishulbiotech.com/img/Bottle-009.svg]
[trishulbiotech.com/img/Carrot-icon.png]
[trishulbiotech.com/products/biostimulant/upcrop-micro-300-liquid-concentrate/index.html]
[trishulbiotech.com/wp-json/oembed/1.0/embedb02a.json]
[trishulbiotech.com/products/bio-fertilizers/upcrop-nup-pro/feed/index.html]
[trishulbiotech.com/wp-json/oembed/1.0/embed9f3f]
[trishulbiotech.com/wp-json/wp/v2/products/979.json]
[trishulbiotech.com/img/Green-Gram-icon.png]
[trishulbiotech.com/img/Black-Gram-icon.png]
[trishulbiotech.com/img/Chickpeas-icon.png]
[trishulbiotech.com/img/Green-Peas-icon.png]
[trishulbiotech.com/img/Groundnut-icon.png]
[trishulbiotech.com/products/bio-fertilizers/upcrop-nup-pro/index.html]
[trishulbiotech.com/bio-fertilizers/upcrop-phoshup/feed/index.html]
[trishulbiotech.com/wp-json/oembed/1.0/embed0deb]
[trishulbiotech.com/wp-json/oembed/1.0/embedfda5.json]
[trishulbiotech.com/wp-json/wp/v2/products/1012.json]
[trishulbiotech.com/img/Soybean-icon.png]
[trishulbiotech.com/bio-fertilizers/upcrop-phoshup/index.html]
[trishulbiotech.com/wp-json/oembed/1.0/embed497e.json]
[trishulbiotech.com/bio-fertilizers/upcrop-potashup/feed/index.html]
[trishulbiotech.com/wp-json/oembed/1.0/embed4188]
[trishulbiotech.com/bio-fertilizers/upcrop-potashup/index.html]
[trishulbiotech.com/wp-json/wp/v2/products/1025.json]
[trishulbiotech.com/wp-json/oembed/1.0/embed7dee.json]
[trishulbiotech.com/products/biostimulant/upcrop-seaweed-granules/feed/index.html]
[trishulbiotech.com/wp-json/oembed/1.0/embed66e0]
[trishulbiotech.com/img/Cauliflower.png]
[trishulbiotech.com/products/biostimulant/upcrop-seaweed-granules/index.html]
[trishulbiotech.com/wp-json/wp/v2/products/905.json]
[trishulbiotech.com/wp-json/oembed/1.0/embed2c05.json]
[trishulbiotech.com/biostimulant/upcrop-seaweed-liquid-concentrate/feed/index.html]
[trishulbiotech.com/wp-json/oembed/1.0/embed97a1]
[trishulbiotech.com/biostimulant/upcrop-seaweed-liquid-concentrate/index.html]
[trishulbiotech.com/wp-json/wp/v2/products/1283.json]
[trishulbiotech.com/img/Bottle-012.svg]
[trishulbiotech.com/wp-json/oembed/1.0/embed5559.json]
[trishulbiotech.com/bio-pesticides/upcrop-sheildup-tricho/feed/index.html]
[trishulbiotech.com/wp-json/oembed/1.0/embed85db]
[trishulbiotech.com/wp-json/wp/v2/products/1064.json]
[trishulbiotech.com/img/Tumeric-icon.png]
[trishulbiotech.com/bio-pesticides/upcrop-sheildup-tricho/index.html]
[trishulbiotech.com/wp-json/oembed/1.0/embed9d50.json]
[trishulbiotech.com/bio-pesticides/upcrop-shieldup-bass/feed/index.html]
[trishulbiotech.com/wp-json/oembed/1.0/embed2c99]
[trishulbiotech.com/bio-pesticides/upcrop-shieldup-bass/index.html]
[trishulbiotech.com/wp-json/wp/v2/products/1107.json]
[trishulbiotech.com/wp-json/oembed/1.0/embed1265.json]
[trishulbiotech.com/bio-pesticides/upcrop-shieldup-nemato/feed/index.html]
[trishulbiotech.com/wp-json/oembed/1.0/embedacaa]
[trishulbiotech.com/wp-json/wp/v2/products/1122.json]
[trishulbiotech.com/img/Spinach.png]
[trishulbiotech.com/img/Tomato-icon.png]
[trishulbiotech.com/img/Ocra-icon.png]
[trishulbiotech.com/img/Mango-icon.png]
[trishulbiotech.com/img/Banana.png]
[trishulbiotech.com/img/Brinjal-icon.png]
[trishulbiotech.com/bio-pesticides/upcrop-shieldup-nemato/index.html]
[trishulbiotech.com/wp-json/oembed/1.0/embeddfb4.json]
[trishulbiotech.com/bio-pesticides/upcrop-shieldup-pseudo/feed/index.html]
[trishulbiotech.com/wp-json/oembed/1.0/embeda38b]
[trishulbiotech.com/img/Chilli-icon.png]
[trishulbiotech.com/wp-json/wp/v2/products/1050.json]
[trishulbiotech.com/img/Watermelon-icon.png]
[trishulbiotech.com/img/Muskmelon-icon.png]
[trishulbiotech.com/img/Ash-Gourd-icon.png]
[trishulbiotech.com/bio-pesticides/upcrop-shieldup-pseudo/index.html]
[trishulbiotech.com/wp-json/oembed/1.0/embed391d.json]
[trishulbiotech.com/premium-products/upcrop-trictrl/feed/index.html]
[trishulbiotech.com/wp-json/oembed/1.0/embedd976]
[trishulbiotech.com/premium-products/upcrop-trictrl/index.html]
[trishulbiotech.com/wp-json/wp/v2/products/2713.json]
[trishulbiotech.com/wp-json/oembed/1.0/embed11df.json]
[trishulbiotech.com/premium-products/tri-ctrl-pro/feed/index.html]
[trishulbiotech.com/wp-json/oembed/1.0/embed3947]
[trishulbiotech.com/premium-products/tri-ctrl-pro/index.html]
[trishulbiotech.com/wp-json/wp/v2/products/2715.json]
[trishulbiotech.com/wp-json/oembed/1.0/embed95fa.json]
[trishulbiotech.com/premium-products/upcrop-trifecta/feed/index.html]
[trishulbiotech.com/wp-json/oembed/1.0/embed5d76]
[trishulbiotech.com/premium-products/upcrop-trifecta/index.html]
[trishulbiotech.com/wp-json/wp/v2/products/2709.json]
[trishulbiotech.com/wp-json/oembed/1.0/embedd207.json]
[trishulbiotech.com/premium-products/upcrop-trifecta-pro/feed/index.html]
[trishulbiotech.com/wp-json/oembed/1.0/embed5c41]
[trishulbiotech.com/premium-products/upcrop-trifecta-pro/index.html]
[trishulbiotech.com/wp-json/wp/v2/products/2711.json]
[trishulbiotech.com/wp-json/oembed/1.0/embed4621.json]
[trishulbiotech.com/premium-products/upcrop-ultimate/feed/index.html]
[trishulbiotech.com/wp-json/oembed/1.0/embed4a5e]
[trishulbiotech.com/wp-json/wp/v2/products/2717.json]
[trishulbiotech.com/premium-products/upcrop-ultimate/index.html]
[trishulbiotech.com/img/Standing-Pouch-009.svg]
[trishulbiotech.com/wp-json/oembed/1.0/embedf442.json]
[trishulbiotech.com/bio-fertilizers/upcrop-vam-up/feed/index.html]
[trishulbiotech.com/wp-json/oembed/1.0/embedf607]
[trishulbiotech.com/bio-fertilizers/upcrop-vam-up/index.html]
[trishulbiotech.com/wp-json/wp/v2/products/996.json]
[trishulbiotech.com/wp-json/oembed/1.0/embed1e9f.json]
[trishulbiotech.com/wp-json/oembed/1.0/embedb5cc]
[trishulbiotech.com/bio-fertilizers/upcrop-zincup/index.html]
[trishulbiotech.com/wp-json/wp/v2/products/1037.json]
[trishulbiotech.com/bio-fertilizers/upcrop-zincup/feed/index.html]
[trishulbiotech.com/wp-json/oembed/1.0/embed479d.json]
[trishulbiotech.com/others/vibx/feed/index.html]
[trishulbiotech.com/wp-json/oembed/1.0/embedf2f5]
[trishulbiotech.com/others/vibx/index.html]
[trishulbiotech.com/products/bio-fertilizers/feed/index.html]
[trishulbiotech.com/products/%productscategory%/index.html]
[trishulbiotech.com/products/organic-fertilizers/feed/index.html]
[trishulbiotech.com/products/biostimulant/feed/index.html]
[trishulbiotech.com/products/plant-growth-regulators/feed/index.html]
[trishulbiotech.com/products/bio-pesticides/feed/index.html]
[trishulbiotech.com/products/bio-insecticides/feed/index.html]
[trishulbiotech.com/products/bio-fungicides/feed/index.html]
[trishulbiotech.com/products/bio-nematicide/feed/index.html]
[trishulbiotech.com/products/premium-products/feed/index.html]
[trishulbiotech.com/indexd1a7.html]
[trishulbiotech.com/img/product-list-whiteicon.svg]
[trishulbiotech.com/img/soil-health.svg]
[trishulbiotech.com/img/product_direction_arrow.svg]
[trishulbiotech.com/img/stress-management.svg]
[trishulbiotech.com/img/crop-quality.svg]
[trishulbiotech.com/img/increased-yields.svg]
[trishulbiotech.com/index4c85.html]
[dezvolta.in/trishul/img/trishul_wateranalysissec1-img.html]
[trishulbiotech.com/img/download.svg]
[dezvolta.in/trishul/img/Pattern002.html]
[ik.imagekit.io/cityscape/trishul/img/Pattern0022f09.png]
[trishulbiotech.com/index3a5c.html]
[trishulbiotech.com/index273a.html]
[trishulbiotech.com/indexe7fb.html]
[trishulbiotech.com/index6d8e.html]
[trishulbiotech.com/index7d69.html]
[trishulbiotech.com/index424e.html]
[trishulbiotech.com/indexbdc9.html]
[trishulbiotech.com/indexce2e.html]
[trishulbiotech.com/index93f8.html]
[trishulbiotech.com/index4494.html]
[trishulbiotech.com/indexcb11.html]
[trishulbiotech.com/indexf763.html]
[trishulbiotech.com/indexf8fc.html]
[trishulbiotech.com/index8989.html]
[trishulbiotech.com/index55df.html]
[trishulbiotech.com/index30a5.html]
[trishulbiotech.com/img/trishul-biotech-upcrop-logo.svg]
[trishulbiotech.com/index0776.html]
[trishulbiotech.com/img/world-class-manufacturing-setup.svg]
[trishulbiotech.com/img/research-and-development-centre.svg]
[trishulbiotech.com/img/scalable-agricultural-solutions.svg]
[trishulbiotech.com/img/tailored-specifications.svg]
[trishulbiotech.com/index8610.html]
[dezvolta.in/trishul/img/Pattern02.html]
[ik.imagekit.io/cityscape/trishul/img/Pattern022f09.png]
[trishulbiotech.com/img/pursuing-un-sdg.svg]
[trishulbiotech.com/index40a0.html]
[trishulbiotech.com/index90dd.html]
[trishulbiotech.com/img/search-icon.svg]
[trishulbiotech.com/wp-json/wp/v2/products/1260.json]
[trishulbiotech.com/wp-json/oembed/1.0/embed7299.json]
[trishulbiotech.com/organic-fertilizers-healthy-crops/feed/index.html]
[trishulbiotech.com/wp-json/oembed/1.0/embedc1f0]
[trishulbiotech.com/wp-json/wp/v2/posts/2862.json]
[trishulbiotech.com/img/tick-icon.svg]
[trishulbiotech.com/img/organic-fertilizers-manufacturer.jpg]
[trishulbiotech.com/img/sustainable-organic-fertilizer.jpg]
[trishulbiotech.com/img/share-white1.svg]
[trishulbiotech.com/img/share-white2.svg]
[trishulbiotech.com/img/biofertilizers-in-sustainable-agriculture.jpg]
[trishulbiotech.com/img/biotechnology-in-agriculture.jpg]
[trishulbiotech.com/organic-fertilizers-healthy-crops/index.html]
[trishulbiotech.com/wp-json/oembed/1.0/embed0248.json]
[trishulbiotech.com/role-of-biofertilizers/feed/index.html]
[trishulbiotech.com/wp-includes/blocks/paragraph/style.min4d80.css]
[trishulbiotech.com/wp-includes/blocks/heading/style.min4d80.css]
[trishulbiotech.com/wp-json/oembed/1.0/embed5d65]
[trishulbiotech.com/role-of-biofertilizers/index.html]
[trishulbiotech.com/img/use-of-biofertilizers-in-agriculture.jpg]
[trishulbiotech.com/wp-json/wp/v2/posts/2850.json]
[trishulbiotech.com/wp-json/oembed/1.0/embedbdd4.json]
[trishulbiotech.com/what-is-biotechnology-in-agriculture/feed/index.html]
[trishulbiotech.com/wp-json/oembed/1.0/embed0eae]
[trishulbiotech.com/wp-json/wp/v2/posts/2820.json]
[trishulbiotech.com/img/agriculture-biotechnology.jpg]
[trishulbiotech.com/what-is-biotechnology-in-agriculture/index.html]
[trishulbiotech.com/index9a88.html]
[trishulbiotech.com/img/contact-address-icon-01.svg]
[trishulbiotech.com/img/contact-address-icon-02.svg]
[trishulbiotech.com/img/contact-address-icon-03.svg]
[trishulbiotech.com/index2a95.html]
[trishulbiotech.com/img/product-list-icon.svg]
[trishulbiotech.com/img/benefits_icon24.svg]
[trishulbiotech.com/img/benefits_icon25.svg]
[trishulbiotech.com/img/benefits_icon26.svg]
[trishulbiotech.com/img/benefits_icon27.svg]
[trishulbiotech.com/img/benefits_icon28.svg]
[trishulbiotech.com/img/Standing-Pouch-007.svg]
[trishulbiotech.com/img/Standing-Pouch-006.svg]
[trishulbiotech.com/indexca7c.html]
[trishulbiotech.com/img/Normal-Pouch-005.svg]
[trishulbiotech.com/wp-content/themes/trishul-child/owl.video.play.html]
[trishulbiotech.com/index3661.html]
[trishulbiotech.com/index2169.html]
[trishulbiotech.com/index78e6.html]
[trishulbiotech.com/index00ab.html]
[trishulbiotech.com/index2fb4.html]
[trishulbiotech.com/indexd0d3.html]
[trishulbiotech.com/img/Standing-Pouch-008.svg]
[trishulbiotech.com/indexb648.html]
[trishulbiotech.com/img/Bucket-0002.svg]
[trishulbiotech.com/img/Bucket-0001.svg]
[trishulbiotech.com/img/Fertilizer-Bag-003.svg]
[trishulbiotech.com/img/Fertilizer-Bag-004.svg]
[trishulbiotech.com/index0c63.html]
[trishulbiotech.com/img/Bottle-011.svg]
[trishulbiotech.com/img/Bottle-010.svg]
[trishulbiotech.com/img/Bottle-009.svg]
[trishulbiotech.com/index4f47.html]
[trishulbiotech.com/index8f57.html]
[trishulbiotech.com/index0c42.html]
[trishulbiotech.com/index03b0.html]
[trishulbiotech.com/indexa542.html]
[trishulbiotech.com/img/Bottle-012.svg]
[trishulbiotech.com/index5ce3.html]
[trishulbiotech.com/index3e52.html]
[trishulbiotech.com/indexc9bc.html]
[trishulbiotech.com/index93a0.html]
[trishulbiotech.com/indexac56.html]
[trishulbiotech.com/index40e1.html]
[trishulbiotech.com/index816a.html]
[trishulbiotech.com/index00e0.html]
[trishulbiotech.com/index206d.html]
[trishulbiotech.com/img/Standing-Pouch-009.svg]
[trishulbiotech.com/index3fd6.html]
[trishulbiotech.com/indexea31.html]
[trishulbiotech.com/indexc78f.html]
[trishulbiotech.com/index70d7.html]
[trishulbiotech.com/xmlrpc.php]
[trishulbiotech.com/img/tick-icon.svg]
[trishulbiotech.com/img/share-white1.svg]
[trishulbiotech.com/img/share-white2.svg]
[trishulbiotech.com/wp-includes/blocks/paragraph/style.min4d80.css]
[trishulbiotech.com/wp-includes/blocks/heading/style.min4d80.css]
[trishulbiotech.com/indexdda3.html]
[trishulbiotech.com/indexa916.html]
[trishulbiotech.com/organic-fertilizers-healthy-crops/index70d7.html]
[trishulbiotech.com/role-of-biofertilizers/indexdda3.html]
[trishulbiotech.com/what-is-biotechnology-in-agriculture/indexa916.html]
